#
# There is insufficient memory for the Java Runtime Environment to continue.
# Native memory allocation (malloc) failed to allocate 1048576 bytes. Error detail: AllocateHeap
# Possible reasons:
#   The system is out of physical RAM or swap space
#   This process is running with CompressedOops enabled, and the Java Heap may be blocking the growth of the native heap
# Possible solutions:
#   Reduce memory load on the system
#   Increase physical memory or swap space
#   Check if swap backing store is full
#   Decrease Java heap size (-Xmx/-Xms)
#   Decrease number of Java threads
#   Decrease Java thread stack sizes (-Xss)
#   Set larger code cache with -XX:ReservedCodeCacheSize=
#   JVM is running with Unscaled Compressed Oops mode in which the Java heap is
#     placed in the first 4GB address space. The Java Heap base address is the
#     maximum limit for the native heap growth. Please use -XX:HeapBaseMinAddress
#     to set the Java Heap base and to place the Java Heap above 4GB virtual address.
# This output file may be truncated or incomplete.
#
#  Out of Memory Error (allocation.cpp:44), pid=3192, tid=4580
#
# JRE version: OpenJDK Runtime Environment Temurin-21.0.11+10 (21.0.11+10) (build 21.0.11+10-LTS)
# Java VM: OpenJDK 64-Bit Server VM Temurin-21.0.11+10 (21.0.11+10-LTS, mixed mode, sharing, tiered, compressed oops, compressed class ptrs, parallel gc, windows-amd64)
# No core dump will be written. Minidumps are not enabled by default on client versions of Windows
#

---------------  S U M M A R Y ------------

Command Line: --add-modules=ALL-SYSTEM --add-opens=java.base/java.util=ALL-UNNAMED --add-opens=java.base/java.lang=ALL-UNNAMED --add-opens=java.base/sun.nio.fs=ALL-UNNAMED -Declipse.application=org.eclipse.jdt.ls.core.id1 -Dosgi.bundles.defaultStartLevel=4 -Declipse.product=org.eclipse.jdt.ls.core.product -Djava.import.generatesMetadataFilesAtProjectRoot=false -DDetectVMInstallationsJob.disabled=true -Dfile.encoding=utf8 -XX:+UseParallelGC -XX:GCTimeRatio=4 -XX:AdaptiveSizePolicyWeight=90 -Dsun.zip.disableMemoryMapping=true -Xmx2G -Xms100m -Xlog:disable -javaagent:c:\Users\swaro\.vscode\extensions\redhat.java-1.55.0-win32-x64\lombok\lombok-1.18.39-4050.jar -XX:+HeapDumpOnOutOfMemoryError -XX:HeapDumpPath=c:\Users\swaro\AppData\Roaming\Code\User\workspaceStorage\cb4ea4c5b3c4dd37fcce1bb2e66277d2\redhat.java -Daether.dependencyCollector.impl=bf c:\Users\swaro\.vscode\extensions\redhat.java-1.55.0-win32-x64\server\plugins\org.eclipse.equinox.launcher_1.7.200.v20260619-2039.jar -configuration c:\Users\swaro\AppData\Roaming\Code\User\globalStorage\redhat.java\1.55.0\config_win -data c:\Users\swaro\AppData\Roaming\Code\User\workspaceStorage\cb4ea4c5b3c4dd37fcce1bb2e66277d2\redhat.java\jdt_ws --pipe=\\.\pipe\lsp-0540532b1e1cf5b41b13de38ad5b7d56-sock

Host: AMD Athlon 300U with Radeon Vega Mobile Gfx    , 4 cores, 9G,  Windows 11 , 64 bit Build 26100 (10.0.26100.9168)
Time: Tue Sep  1 08:59:43 2026 India Standard Time elapsed time: 915.677656 seconds (0d 0h 15m 15s)

---------------  T H R E A D  ---------------

Current thread (0x0000029efcece5d0):  JavaThread "Attach Listener" daemon [_thread_in_vm, id=4580, stack(0x000000e290a00000,0x000000e290b00000) (1024K)]

Stack: [0x000000e290a00000,0x000000e290b00000]
Native frames: (J=compiled Java code, j=interpreted, Vv=VM code, C=native code)
V  [jvm.dll+0x6d7e19]
V  [jvm.dll+0x8b5096]
V  [jvm.dll+0x8b764e]
V  [jvm.dll+0x8b7d33]
V  [jvm.dll+0x284596]
V  [jvm.dll+0xc13c7]
V  [jvm.dll+0x6d86c9]
V  [jvm.dll+0x133616]
V  [jvm.dll+0x3f868e]
V  [jvm.dll+0x85fb0d]
V  [jvm.dll+0x6d664d]
C  [ucrtbase.dll+0x2cd30]
C  [KERNEL32.DLL+0x2ccb7]
C  [ntdll.dll+0xaad6c]


---------------  P R O C E S S  ---------------

Threads class SMR info:
_java_thread_list=0x0000029ec9d62800, length=40, elements={
0x0000029ee85be3d0, 0x0000029efcec9530, 0x0000029efceca350, 0x0000029efcecd970,
0x0000029efcece5d0, 0x0000029efced1040, 0x0000029efced3130, 0x0000029efced3f70,
0x0000029efcf4d4e0, 0x0000029efddd52b0, 0x0000029efdf07470, 0x0000029efe9f6400,
0x0000029efe7bc4f0, 0x0000029efe7bd210, 0x0000029efe7bcb80, 0x0000029efe7bd8a0,
0x0000029efe7bdf30, 0x0000029efe7be5c0, 0x0000029efe7bec50, 0x0000029efe7bb7d0,
0x0000029efe0dd1b0, 0x0000029efe0de560, 0x0000029efe0debf0, 0x0000029efe0df280,
0x0000029efe0dbe00, 0x0000029efe0e2070, 0x0000029efe0df910, 0x0000029efe0dffa0,
0x0000029efe0e0630, 0x0000029eff042b20, 0x0000029eff043840, 0x0000029eff047350,
0x0000029eff045fa0, 0x0000029eff048d90, 0x0000029efe0dc490, 0x0000029efe7bbe60,
0x0000029ec9c0d340, 0x0000029ec9c114e0, 0x0000029ec9c0ed80, 0x0000029ec9c0faa0
}

Java Threads: ( => current thread )
  0x0000029ee85be3d0 JavaThread "main"                              [_thread_blocked, id=9952, stack(0x000000e290300000,0x000000e290400000) (1024K)]
  0x0000029efcec9530 JavaThread "Reference Handler"          daemon [_thread_blocked, id=5628, stack(0x000000e290700000,0x000000e290800000) (1024K)]
  0x0000029efceca350 JavaThread "Finalizer"                  daemon [_thread_blocked, id=3264, stack(0x000000e290800000,0x000000e290900000) (1024K)]
  0x0000029efcecd970 JavaThread "Signal Dispatcher"          daemon [_thread_blocked, id=14012, stack(0x000000e290900000,0x000000e290a00000) (1024K)]
=>0x0000029efcece5d0 JavaThread "Attach Listener"            daemon [_thread_in_vm, id=4580, stack(0x000000e290a00000,0x000000e290b00000) (1024K)]
  0x0000029efced1040 JavaThread "Service Thread"             daemon [_thread_blocked, id=3000, stack(0x000000e290b00000,0x000000e290c00000) (1024K)]
  0x0000029efced3130 JavaThread "Monitor Deflation Thread"   daemon [_thread_blocked, id=14204, stack(0x000000e290c00000,0x000000e290d00000) (1024K)]
  0x0000029efced3f70 JavaThread "C2 CompilerThread0"         daemon [_thread_blocked, id=9900, stack(0x000000e290d00000,0x000000e290e00000) (1024K)]
  0x0000029efcf4d4e0 JavaThread "C1 CompilerThread0"         daemon [_thread_blocked, id=5452, stack(0x000000e290e00000,0x000000e290f00000) (1024K)]
  0x0000029efddd52b0 JavaThread "Common-Cleaner"             daemon [_thread_blocked, id=13388, stack(0x000000e290f00000,0x000000e291000000) (1024K)]
  0x0000029efdf07470 JavaThread "Notification Thread"        daemon [_thread_blocked, id=8212, stack(0x000000e291000000,0x000000e291100000) (1024K)]
  0x0000029efe9f6400 JavaThread "Active Thread: Equinox Container: 234d6ed6-1fe0-4382-80b0-31e1ba36a4c8"        [_thread_blocked, id=5316, stack(0x000000e291400000,0x000000e291500000) (1024K)]
  0x0000029efe7bc4f0 JavaThread "Refresh Thread: Equinox Container: 234d6ed6-1fe0-4382-80b0-31e1ba36a4c8" daemon [_thread_blocked, id=10000, stack(0x000000e291500000,0x000000e291600000) (1024K)]
  0x0000029efe7bd210 JavaThread "Framework Event Dispatcher: Equinox Container: 234d6ed6-1fe0-4382-80b0-31e1ba36a4c8" daemon [_thread_blocked, id=3188, stack(0x000000e291600000,0x000000e291700000) (1024K)]
  0x0000029efe7bcb80 JavaThread "Start Level: Equinox Container: 234d6ed6-1fe0-4382-80b0-31e1ba36a4c8" daemon [_thread_blocked, id=6716, stack(0x000000e291700000,0x000000e291800000) (1024K)]
  0x0000029efe7bd8a0 JavaThread "Bundle File Closer"         daemon [_thread_blocked, id=11184, stack(0x000000e291900000,0x000000e291a00000) (1024K)]
  0x0000029efe7bdf30 JavaThread "SCR Component Actor"        daemon [_thread_blocked, id=6364, stack(0x000000e291800000,0x000000e291900000) (1024K)]
  0x0000029efe7be5c0 JavaThread "Worker-JM"                         [_thread_blocked, id=2936, stack(0x000000e291a00000,0x000000e291b00000) (1024K)]
  0x0000029efe7bec50 JavaThread "JNA Cleaner"                daemon [_thread_blocked, id=11512, stack(0x000000e291b00000,0x000000e291c00000) (1024K)]
  0x0000029efe7bb7d0 JavaThread "Worker-0"                          [_thread_blocked, id=7580, stack(0x000000e291c00000,0x000000e291d00000) (1024K)]
  0x0000029efe0dd1b0 JavaThread "Java indexing"              daemon [_thread_blocked, id=1748, stack(0x000000e292100000,0x000000e292200000) (1024K)]
  0x0000029efe0de560 JavaThread "Thread-1"                   daemon [_thread_in_native, id=3068, stack(0x000000e292600000,0x000000e292700000) (1024K)]
  0x0000029efe0debf0 JavaThread "Thread-2"                   daemon [_thread_in_native, id=6916, stack(0x000000e292700000,0x000000e292800000) (1024K)]
  0x0000029efe0df280 JavaThread "Thread-3"                   daemon [_thread_in_native, id=8260, stack(0x000000e292800000,0x000000e292900000) (1024K)]
  0x0000029efe0dbe00 JavaThread "Thread-4"                   daemon [_thread_in_native, id=5864, stack(0x000000e292900000,0x000000e292a00000) (1024K)]
  0x0000029efe0e2070 JavaThread "Thread-5"                   daemon [_thread_in_native, id=10808, stack(0x000000e292a00000,0x000000e292b00000) (1024K)]
  0x0000029efe0df910 JavaThread "pool-2-thread-1"                   [_thread_blocked, id=4556, stack(0x000000e292b00000,0x000000e292c00000) (1024K)]
  0x0000029efe0dffa0 JavaThread "WorkspaceEventsHandler"            [_thread_blocked, id=13460, stack(0x000000e292c00000,0x000000e292d00000) (1024K)]
  0x0000029efe0e0630 JavaThread "pool-1-thread-1"                   [_thread_blocked, id=11876, stack(0x000000e292d00000,0x000000e292e00000) (1024K)]
  0x0000029eff042b20 JavaThread "PatternSearchJob-worker-1"  daemon [_thread_blocked, id=10064, stack(0x000000e293000000,0x000000e293100000) (1024K)]
  0x0000029eff043840 JavaThread "PatternSearchJob-worker-2"  daemon [_thread_blocked, id=4276, stack(0x000000e293100000,0x000000e293200000) (1024K)]
  0x0000029eff047350 JavaThread "Cleaner-0"                  daemon [_thread_blocked, id=3472, stack(0x000000e293700000,0x000000e293800000) (1024K)]
  0x0000029eff045fa0 JavaThread "ForkJoinPool.commonPool-worker-5" daemon [_thread_blocked, id=6296, stack(0x000000e291d00000,0x000000e291e00000) (1024K)]
  0x0000029eff048d90 JavaThread "PatternSearchJob-worker-4"  daemon [_thread_blocked, id=8636, stack(0x000000e291f00000,0x000000e292000000) (1024K)]
  0x0000029efe0dc490 JavaThread "Java Debug Server"          daemon [_thread_in_native, id=4288, stack(0x000000e292000000,0x000000e292100000) (1024K)]
  0x0000029efe7bbe60 JavaThread "RxSchedulerPurge-1"         daemon [_thread_blocked, id=12196, stack(0x000000e292300000,0x000000e292400000) (1024K)]
  0x0000029ec9c0d340 JavaThread "RxCachedWorkerPoolEvictor-1" daemon [_thread_blocked, id=4512, stack(0x000000e292400000,0x000000e292500000) (1024K)]
  0x0000029ec9c114e0 JavaThread "Worker-8"                          [_thread_blocked, id=13688, stack(0x000000e293200000,0x000000e293300000) (1024K)]
  0x0000029ec9c0ed80 JavaThread "ForkJoinPool.commonPool-worker-7" daemon [_thread_blocked, id=6896, stack(0x000000e290100000,0x000000e290200000) (1024K)]
  0x0000029ec9c0faa0 JavaThread "ForkJoinPool.commonPool-worker-8" daemon [_thread_blocked, id=216, stack(0x000000e290200000,0x000000e290300000) (1024K)]
Total: 40

Other Threads:
  0x0000029ee867cca0 VMThread "VM Thread"                           [id=7920, stack(0x000000e290600000,0x000000e290700000) (1024K)]
  0x0000029efce6ca00 WatcherThread "VM Periodic Task Thread"        [id=2944, stack(0x000000e290500000,0x000000e290600000) (1024K)]
  0x0000029ee85dc230 WorkerThread "GC Thread#0"                     [id=10436, stack(0x000000e290400000,0x000000e290500000) (1024K)]
  0x0000029efdfac280 WorkerThread "GC Thread#1"                     [id=7324, stack(0x000000e291100000,0x000000e291200000) (1024K)]
  0x0000029efe5a3630 WorkerThread "GC Thread#2"                     [id=3896, stack(0x000000e291200000,0x000000e291300000) (1024K)]
  0x0000029efe5a39e0 WorkerThread "GC Thread#3"                     [id=1896, stack(0x000000e291300000,0x000000e291400000) (1024K)]
Total: 6

Threads with active compile tasks:
Total: 0

VM state: not at safepoint (normal execution)

VM Mutex/Monitor currently owned by a thread: None

Heap address: 0x0000000080000000, size: 2048 MB, Compressed Oops mode: 32-bit

CDS archive(s) mapped at: [0x0000029e84000000-0x0000029e84ba0000-0x0000029e84ba0000), size 12189696, SharedBaseAddress: 0x0000029e84000000, ArchiveRelocationMode: 1.
Compressed class space mapped at: 0x0000029e85000000-0x0000029ec5000000, reserved size: 1073741824
Narrow klass base: 0x0000029e84000000, Narrow klass shift: 0, Narrow klass range: 0x100000000

GC Precious Log:
 CardTable entry size: 512
 CPUs: 4 total, 4 available
 Memory: 10167M
 Large Page Support: Disabled
 NUMA Support: Disabled
 Compressed Oops: Enabled (32-bit)
 Alignments: Space 512K, Generation 512K, Heap 2M
 Heap Min Capacity: 100M
 Heap Initial Capacity: 100M
 Heap Max Capacity: 2G
 Pre-touch: Disabled
 Parallel Workers: 4

Heap:
 PSYoungGen      total 17920K, used 16243K [0x00000000d5580000, 0x00000000d6900000, 0x0000000100000000)
  eden space 17408K, 92% used [0x00000000d5580000,0x00000000d653ce50,0x00000000d6680000)
  from space 512K, 25% used [0x00000000d6880000,0x00000000d68a0000,0x00000000d6900000)
  to   space 512K, 0% used [0x00000000d6800000,0x00000000d6800000,0x00000000d6880000)
 ParOldGen       total 68608K, used 61382K [0x0000000080000000, 0x0000000084300000, 0x00000000d5580000)
  object space 68608K, 89% used [0x0000000080000000,0x0000000083bf1868,0x0000000084300000)
 Metaspace       used 84310K, committed 85952K, reserved 1179648K
  class space    used 9202K, committed 9920K, reserved 1048576K

Card table byte_map: [0x0000029efc2a0000,0x0000029efc6b0000] _byte_map_base: 0x0000029efbea0000

Marking Bits: (ParMarkBitMap*) 0x00007ffbfe634460
 Begin Bits: [0x0000029e80000000, 0x0000029e82000000)
 End Bits:   [0x0000029e82000000, 0x0000029e84000000)

Polling page: 0x0000029eed090000

Metaspace:

Usage:
  Non-class:     73.35 MB used.
      Class:      8.99 MB used.
       Both:     82.33 MB used.

Virtual space:
  Non-class space:      128.00 MB reserved,      74.25 MB ( 58%) committed,  2 nodes.
      Class space:        1.00 GB reserved,       9.69 MB ( <1%) committed,  1 nodes.
             Both:        1.12 GB reserved,      83.94 MB (  7%) committed. 

Chunk freelists:
   Non-Class:  5.41 MB
       Class:  6.34 MB
        Both:  11.75 MB

MaxMetaspaceSize: unlimited
CompressedClassSpaceSize: 1.00 GB
Initial GC threshold: 21.00 MB
Current GC threshold: 97.31 MB
CDS: on
 - commit_granule_bytes: 65536.
 - commit_granule_words: 8192.
 - virtual_space_node_default_size: 8388608.
 - enlarge_chunks_in_place: 1.
 - use_allocation_guard: 0.


Internal statistics:

num_allocs_failed_limit: 9.
num_arena_births: 1394.
num_arena_deaths: 16.
num_vsnodes_births: 3.
num_vsnodes_deaths: 0.
num_space_committed: 1343.
num_space_uncommitted: 0.
num_chunks_returned_to_freelist: 25.
num_chunks_taken_from_freelist: 5277.
num_chunk_merges: 15.
num_chunk_splits: 3235.
num_chunks_enlarged: 1867.
num_inconsistent_stats: 0.

CodeHeap 'non-profiled nmethods': size=120000Kb used=11913Kb max_used=11913Kb free=108086Kb
 bounds [0x0000029ef4b80000, 0x0000029ef5730000, 0x0000029efc0b0000]
CodeHeap 'profiled nmethods': size=120000Kb used=31885Kb max_used=31885Kb free=88114Kb
 bounds [0x0000029eed0b0000, 0x0000029eeefe0000, 0x0000029ef45e0000]
CodeHeap 'non-nmethods': size=5760Kb used=1520Kb max_used=1596Kb free=4239Kb
 bounds [0x0000029ef45e0000, 0x0000029ef4850000, 0x0000029ef4b80000]
CodeCache: size=245760Kb, used=45318Kb, max_used=45394Kb, free=200439Kb
 total_blobs=14137, nmethods=13293, adapters=747, full_count=0
Compilation: enabled, stopped_count=0, restarted_count=0

Compilation events (20 events):
Event: 880.180 Thread 0x0000029efcf4d4e0 nmethod 14069 0x0000029eeefd0210 code [0x0000029eeefd03c0, 0x0000029eeefd05f8]
Event: 880.181 Thread 0x0000029efcf4d4e0 14070       3       org.eclipse.jdt.internal.core.search.BasicSearchEngine$5::acceptIndexMatch (288 bytes)
Event: 880.183 Thread 0x0000029efcf4d4e0 nmethod 14070 0x0000029eeefd0710 code [0x0000029eeefd09a0, 0x0000029eeefd14e8]
Event: 880.184 Thread 0x0000029efcf4d4e0 14071       3       org.eclipse.jdt.internal.core.SearchableEnvironment$4::acceptType (56 bytes)
Event: 880.185 Thread 0x0000029efcf4d4e0 nmethod 14071 0x0000029eeefd1890 code [0x0000029eeefd1a60, 0x0000029eeefd1e30]
Event: 880.185 Thread 0x0000029efcf4d4e0 14073       3       org.eclipse.jdt.internal.core.search.PatternSearchJob::lambda$2 (37 bytes)
Event: 880.185 Thread 0x0000029efcf4d4e0 nmethod 14073 0x0000029eeefd1f90 code [0x0000029eeefd2160, 0x0000029eeefd2450]
Event: 880.185 Thread 0x0000029efcf4d4e0 14074       3       org.eclipse.jdt.internal.core.search.BasicSearchEngine::match (154 bytes)
Event: 880.186 Thread 0x0000029efcf4d4e0 nmethod 14074 0x0000029eeefd2590 code [0x0000029eeefd27a0, 0x0000029eeefd2db8]
Event: 880.186 Thread 0x0000029efcf4d4e0 14072       3       org.eclipse.jdt.core.compiler.CharOperation::concat (71 bytes)
Event: 880.186 Thread 0x0000029efcf4d4e0 nmethod 14072 0x0000029eeefd2e90 code [0x0000029eeefd3080, 0x0000029eeefd3500]
Event: 880.196 Thread 0x0000029efced3f70 14075  s!   4       org.eclipse.jdt.internal.core.index.DiskIndex::readCategoryTable (743 bytes)
Event: 880.306 Thread 0x0000029eca511a60 nmethod 14027 0x0000029ef5704a90 code [0x0000029ef5708920, 0x0000029ef570ee60]
Event: 880.308 Thread 0x0000029eca511a60 14077       4       org.eclipse.jdt.internal.core.index.DiskIndex::addQueryResults (739 bytes)
Event: 880.385 Thread 0x0000029eca511a60 nmethod 14077 0x0000029ef5716810 code [0x0000029ef5716b40, 0x0000029ef5717ce0]
Event: 880.385 Thread 0x0000029eca511a60 14078       4       com.google.gson.internal.GsonTypes::canonicalize (139 bytes)
Event: 880.414 Thread 0x0000029eca511a60 nmethod 14078 0x0000029ef5718c90 code [0x0000029ef5718f40, 0x0000029ef5719998]
Event: 880.414 Thread 0x0000029eca511a60 14076   !   4       java.io.FileInputStream::read (32 bytes)
Event: 880.417 Thread 0x0000029eca511a60 nmethod 14076 0x0000029ef571a190 code [0x0000029ef571a340, 0x0000029ef571a4a0]
Event: 880.595 Thread 0x0000029efced3f70 nmethod 14075 0x0000029ef571a690 code [0x0000029ef571ad00, 0x0000029ef571fb10]

GC Heap History (20 events):
Event: 563.571 GC heap before
{Heap before GC invocations=66 (full 3):
 PSYoungGen      total 17920K, used 17584K [0x00000000d5580000, 0x00000000d6800000, 0x0000000100000000)
  eden space 17408K, 100% used [0x00000000d5580000,0x00000000d6680000,0x00000000d6680000)
  from space 512K, 34% used [0x00000000d6780000,0x00000000d67ac010,0x00000000d6800000)
  to   space 512K, 0% used [0x00000000d6700000,0x00000000d6700000,0x00000000d6780000)
 ParOldGen       total 68608K, used 58035K [0x0000000080000000, 0x0000000084300000, 0x00000000d5580000)
  object space 68608K, 84% used [0x0000000080000000,0x00000000838acde8,0x0000000084300000)
 Metaspace       used 83138K, committed 84736K, reserved 1179648K
  class space    used 9128K, committed 9856K, reserved 1048576K
}
Event: 563.572 GC heap after
{Heap after GC invocations=66 (full 3):
 PSYoungGen      total 17920K, used 320K [0x00000000d5580000, 0x00000000d6800000, 0x0000000100000000)
  eden space 17408K, 0% used [0x00000000d5580000,0x00000000d5580000,0x00000000d6680000)
  from space 512K, 62% used [0x00000000d6700000,0x00000000d6750020,0x00000000d6780000)
  to   space 512K, 0% used [0x00000000d6780000,0x00000000d6780000,0x00000000d6800000)
 ParOldGen       total 68608K, used 58147K [0x0000000080000000, 0x0000000084300000, 0x00000000d5580000)
  object space 68608K, 84% used [0x0000000080000000,0x00000000838c8e38,0x0000000084300000)
 Metaspace       used 83138K, committed 84736K, reserved 1179648K
  class space    used 9128K, committed 9856K, reserved 1048576K
}
Event: 571.593 GC heap before
{Heap before GC invocations=67 (full 3):
 PSYoungGen      total 17920K, used 17728K [0x00000000d5580000, 0x00000000d6800000, 0x0000000100000000)
  eden space 17408K, 100% used [0x00000000d5580000,0x00000000d6680000,0x00000000d6680000)
  from space 512K, 62% used [0x00000000d6700000,0x00000000d6750020,0x00000000d6780000)
  to   space 512K, 0% used [0x00000000d6780000,0x00000000d6780000,0x00000000d6800000)
 ParOldGen       total 68608K, used 58147K [0x0000000080000000, 0x0000000084300000, 0x00000000d5580000)
  object space 68608K, 84% used [0x0000000080000000,0x00000000838c8e38,0x0000000084300000)
 Metaspace       used 83299K, committed 84928K, reserved 1179648K
  class space    used 9130K, committed 9856K, reserved 1048576K
}
Event: 571.595 GC heap after
{Heap after GC invocations=67 (full 3):
 PSYoungGen      total 17920K, used 496K [0x00000000d5580000, 0x00000000d6880000, 0x0000000100000000)
  eden space 17408K, 0% used [0x00000000d5580000,0x00000000d5580000,0x00000000d6680000)
  from space 512K, 96% used [0x00000000d6780000,0x00000000d67fc040,0x00000000d6800000)
  to   space 1024K, 0% used [0x00000000d6680000,0x00000000d6680000,0x00000000d6780000)
 ParOldGen       total 68608K, used 58479K [0x0000000080000000, 0x0000000084300000, 0x00000000d5580000)
  object space 68608K, 85% used [0x0000000080000000,0x000000008391be78,0x0000000084300000)
 Metaspace       used 83299K, committed 84928K, reserved 1179648K
  class space    used 9130K, committed 9856K, reserved 1048576K
}
Event: 584.146 GC heap before
{Heap before GC invocations=68 (full 3):
 PSYoungGen      total 17920K, used 17904K [0x00000000d5580000, 0x00000000d6880000, 0x0000000100000000)
  eden space 17408K, 100% used [0x00000000d5580000,0x00000000d6680000,0x00000000d6680000)
  from space 512K, 96% used [0x00000000d6780000,0x00000000d67fc040,0x00000000d6800000)
  to   space 1024K, 0% used [0x00000000d6680000,0x00000000d6680000,0x00000000d6780000)
 ParOldGen       total 68608K, used 58479K [0x0000000080000000, 0x0000000084300000, 0x00000000d5580000)
  object space 68608K, 85% used [0x0000000080000000,0x000000008391be78,0x0000000084300000)
 Metaspace       used 83406K, committed 84992K, reserved 1179648K
  class space    used 9131K, committed 9856K, reserved 1048576K
}
Event: 584.150 GC heap after
{Heap after GC invocations=68 (full 3):
 PSYoungGen      total 18432K, used 224K [0x00000000d5580000, 0x00000000d6800000, 0x0000000100000000)
  eden space 17408K, 0% used [0x00000000d5580000,0x00000000d5580000,0x00000000d6680000)
  from space 1024K, 21% used [0x00000000d6680000,0x00000000d66b8010,0x00000000d6780000)
  to   space 512K, 0% used [0x00000000d6780000,0x00000000d6780000,0x00000000d6800000)
 ParOldGen       total 68608K, used 58932K [0x0000000080000000, 0x0000000084300000, 0x00000000d5580000)
  object space 68608K, 85% used [0x0000000080000000,0x000000008398d040,0x0000000084300000)
 Metaspace       used 83406K, committed 84992K, reserved 1179648K
  class space    used 9131K, committed 9856K, reserved 1048576K
}
Event: 616.253 GC heap before
{Heap before GC invocations=69 (full 3):
 PSYoungGen      total 18432K, used 17632K [0x00000000d5580000, 0x00000000d6800000, 0x0000000100000000)
  eden space 17408K, 100% used [0x00000000d5580000,0x00000000d6680000,0x00000000d6680000)
  from space 1024K, 21% used [0x00000000d6680000,0x00000000d66b8010,0x00000000d6780000)
  to   space 512K, 0% used [0x00000000d6780000,0x00000000d6780000,0x00000000d6800000)
 ParOldGen       total 68608K, used 58932K [0x0000000080000000, 0x0000000084300000, 0x00000000d5580000)
  object space 68608K, 85% used [0x0000000080000000,0x000000008398d040,0x0000000084300000)
 Metaspace       used 83515K, committed 85184K, reserved 1179648K
  class space    used 9134K, committed 9856K, reserved 1048576K
}
Event: 616.255 GC heap after
{Heap after GC invocations=69 (full 3):
 PSYoungGen      total 17920K, used 496K [0x00000000d5580000, 0x00000000d6880000, 0x0000000100000000)
  eden space 17408K, 0% used [0x00000000d5580000,0x00000000d5580000,0x00000000d6680000)
  from space 512K, 96% used [0x00000000d6780000,0x00000000d67fc050,0x00000000d6800000)
  to   space 1024K, 0% used [0x00000000d6680000,0x00000000d6680000,0x00000000d6780000)
 ParOldGen       total 68608K, used 59076K [0x0000000080000000, 0x0000000084300000, 0x00000000d5580000)
  object space 68608K, 86% used [0x0000000080000000,0x00000000839b1050,0x0000000084300000)
 Metaspace       used 83515K, committed 85184K, reserved 1179648K
  class space    used 9134K, committed 9856K, reserved 1048576K
}
Event: 617.823 GC heap before
{Heap before GC invocations=70 (full 3):
 PSYoungGen      total 17920K, used 17904K [0x00000000d5580000, 0x00000000d6880000, 0x0000000100000000)
  eden space 17408K, 99% used [0x00000000d5580000,0x00000000d667fff0,0x00000000d6680000)
  from space 512K, 96% used [0x00000000d6780000,0x00000000d67fc050,0x00000000d6800000)
  to   space 1024K, 0% used [0x00000000d6680000,0x00000000d6680000,0x00000000d6780000)
 ParOldGen       total 68608K, used 59076K [0x0000000080000000, 0x0000000084300000, 0x00000000d5580000)
  object space 68608K, 86% used [0x0000000080000000,0x00000000839b1050,0x0000000084300000)
 Metaspace       used 83600K, committed 85248K, reserved 1179648K
  class space    used 9138K, committed 9856K, reserved 1048576K
}
Event: 617.827 GC heap after
{Heap after GC invocations=70 (full 3):
 PSYoungGen      total 18432K, used 1008K [0x00000000d5580000, 0x00000000d6a80000, 0x0000000100000000)
  eden space 17408K, 0% used [0x00000000d5580000,0x00000000d5580000,0x00000000d6680000)
  from space 1024K, 98% used [0x00000000d6680000,0x00000000d677c030,0x00000000d6780000)
  to   space 2048K, 0% used [0x00000000d6880000,0x00000000d6880000,0x00000000d6a80000)
 ParOldGen       total 68608K, used 59814K [0x0000000080000000, 0x0000000084300000, 0x00000000d5580000)
  object space 68608K, 87% used [0x0000000080000000,0x0000000083a69950,0x0000000084300000)
 Metaspace       used 83600K, committed 85248K, reserved 1179648K
  class space    used 9138K, committed 9856K, reserved 1048576K
}
Event: 634.982 GC heap before
{Heap before GC invocations=71 (full 3):
 PSYoungGen      total 18432K, used 18416K [0x00000000d5580000, 0x00000000d6a80000, 0x0000000100000000)
  eden space 17408K, 100% used [0x00000000d5580000,0x00000000d6680000,0x00000000d6680000)
  from space 1024K, 98% used [0x00000000d6680000,0x00000000d677c030,0x00000000d6780000)
  to   space 2048K, 0% used [0x00000000d6880000,0x00000000d6880000,0x00000000d6a80000)
 ParOldGen       total 68608K, used 59814K [0x0000000080000000, 0x0000000084300000, 0x00000000d5580000)
  object space 68608K, 87% used [0x0000000080000000,0x0000000083a69950,0x0000000084300000)
 Metaspace       used 83722K, committed 85312K, reserved 1179648K
  class space    used 9145K, committed 9856K, reserved 1048576K
}
Event: 634.986 GC heap after
{Heap after GC invocations=71 (full 3):
 PSYoungGen      total 18432K, used 640K [0x00000000d5580000, 0x00000000d6980000, 0x0000000100000000)
  eden space 17408K, 0% used [0x00000000d5580000,0x00000000d5580000,0x00000000d6680000)
  from space 1024K, 62% used [0x00000000d6880000,0x00000000d6920060,0x00000000d6980000)
  to   space 1536K, 0% used [0x00000000d6680000,0x00000000d6680000,0x00000000d6800000)
 ParOldGen       total 68608K, used 60837K [0x0000000080000000, 0x0000000084300000, 0x00000000d5580000)
  object space 68608K, 88% used [0x0000000080000000,0x0000000083b697d8,0x0000000084300000)
 Metaspace       used 83722K, committed 85312K, reserved 1179648K
  class space    used 9145K, committed 9856K, reserved 1048576K
}
Event: 653.224 GC heap before
{Heap before GC invocations=72 (full 3):
 PSYoungGen      total 18432K, used 18048K [0x00000000d5580000, 0x00000000d6980000, 0x0000000100000000)
  eden space 17408K, 100% used [0x00000000d5580000,0x00000000d6680000,0x00000000d6680000)
  from space 1024K, 62% used [0x00000000d6880000,0x00000000d6920060,0x00000000d6980000)
  to   space 1536K, 0% used [0x00000000d6680000,0x00000000d6680000,0x00000000d6800000)
 ParOldGen       total 68608K, used 60837K [0x0000000080000000, 0x0000000084300000, 0x00000000d5580000)
  object space 68608K, 88% used [0x0000000080000000,0x0000000083b697d8,0x0000000084300000)
 Metaspace       used 83791K, committed 85376K, reserved 1179648K
  class space    used 9145K, committed 9856K, reserved 1048576K
}
Event: 653.226 GC heap after
{Heap after GC invocations=72 (full 3):
 PSYoungGen      total 18944K, used 256K [0x00000000d5580000, 0x00000000d6900000, 0x0000000100000000)
  eden space 17408K, 0% used [0x00000000d5580000,0x00000000d5580000,0x00000000d6680000)
  from space 1536K, 16% used [0x00000000d6680000,0x00000000d66c0010,0x00000000d6800000)
  to   space 512K, 0% used [0x00000000d6880000,0x00000000d6880000,0x00000000d6900000)
 ParOldGen       total 68608K, used 61086K [0x0000000080000000, 0x0000000084300000, 0x00000000d5580000)
  object space 68608K, 89% used [0x0000000080000000,0x0000000083ba7858,0x0000000084300000)
 Metaspace       used 83791K, committed 85376K, reserved 1179648K
  class space    used 9145K, committed 9856K, reserved 1048576K
}
Event: 681.485 GC heap before
{Heap before GC invocations=73 (full 3):
 PSYoungGen      total 18944K, used 17664K [0x00000000d5580000, 0x00000000d6900000, 0x0000000100000000)
  eden space 17408K, 100% used [0x00000000d5580000,0x00000000d6680000,0x00000000d6680000)
  from space 1536K, 16% used [0x00000000d6680000,0x00000000d66c0010,0x00000000d6800000)
  to   space 512K, 0% used [0x00000000d6880000,0x00000000d6880000,0x00000000d6900000)
 ParOldGen       total 68608K, used 61086K [0x0000000080000000, 0x0000000084300000, 0x00000000d5580000)
  object space 68608K, 89% used [0x0000000080000000,0x0000000083ba7858,0x0000000084300000)
 Metaspace       used 83862K, committed 85504K, reserved 1179648K
  class space    used 9150K, committed 9856K, reserved 1048576K
}
Event: 681.487 GC heap after
{Heap after GC invocations=73 (full 3):
 PSYoungGen      total 17920K, used 192K [0x00000000d5580000, 0x00000000d6900000, 0x0000000100000000)
  eden space 17408K, 0% used [0x00000000d5580000,0x00000000d5580000,0x00000000d6680000)
  from space 512K, 37% used [0x00000000d6880000,0x00000000d68b0000,0x00000000d6900000)
  to   space 512K, 0% used [0x00000000d6800000,0x00000000d6800000,0x00000000d6880000)
 ParOldGen       total 68608K, used 61222K [0x0000000080000000, 0x0000000084300000, 0x00000000d5580000)
  object space 68608K, 89% used [0x0000000080000000,0x0000000083bc9868,0x0000000084300000)
 Metaspace       used 83862K, committed 85504K, reserved 1179648K
  class space    used 9150K, committed 9856K, reserved 1048576K
}
Event: 714.063 GC heap before
{Heap before GC invocations=74 (full 3):
 PSYoungGen      total 17920K, used 17600K [0x00000000d5580000, 0x00000000d6900000, 0x0000000100000000)
  eden space 17408K, 100% used [0x00000000d5580000,0x00000000d6680000,0x00000000d6680000)
  from space 512K, 37% used [0x00000000d6880000,0x00000000d68b0000,0x00000000d6900000)
  to   space 512K, 0% used [0x00000000d6800000,0x00000000d6800000,0x00000000d6880000)
 ParOldGen       total 68608K, used 61222K [0x0000000080000000, 0x0000000084300000, 0x00000000d5580000)
  object space 68608K, 89% used [0x0000000080000000,0x0000000083bc9868,0x0000000084300000)
 Metaspace       used 84243K, committed 85888K, reserved 1179648K
  class space    used 9198K, committed 9920K, reserved 1048576K
}
Event: 714.066 GC heap after
{Heap after GC invocations=74 (full 3):
 PSYoungGen      total 17920K, used 192K [0x00000000d5580000, 0x00000000d6900000, 0x0000000100000000)
  eden space 17408K, 0% used [0x00000000d5580000,0x00000000d5580000,0x00000000d6680000)
  from space 512K, 37% used [0x00000000d6800000,0x00000000d6830000,0x00000000d6880000)
  to   space 512K, 0% used [0x00000000d6880000,0x00000000d6880000,0x00000000d6900000)
 ParOldGen       total 68608K, used 61246K [0x0000000080000000, 0x0000000084300000, 0x00000000d5580000)
  object space 68608K, 89% used [0x0000000080000000,0x0000000083bcf868,0x0000000084300000)
 Metaspace       used 84243K, committed 85888K, reserved 1179648K
  class space    used 9198K, committed 9920K, reserved 1048576K
}
Event: 821.596 GC heap before
{Heap before GC invocations=75 (full 3):
 PSYoungGen      total 17920K, used 17599K [0x00000000d5580000, 0x00000000d6900000, 0x0000000100000000)
  eden space 17408K, 99% used [0x00000000d5580000,0x00000000d667fff0,0x00000000d6680000)
  from space 512K, 37% used [0x00000000d6800000,0x00000000d6830000,0x00000000d6880000)
  to   space 512K, 0% used [0x00000000d6880000,0x00000000d6880000,0x00000000d6900000)
 ParOldGen       total 68608K, used 61246K [0x0000000080000000, 0x0000000084300000, 0x00000000d5580000)
  object space 68608K, 89% used [0x0000000080000000,0x0000000083bcf868,0x0000000084300000)
 Metaspace       used 84282K, committed 85952K, reserved 1179648K
  class space    used 9201K, committed 9920K, reserved 1048576K
}
Event: 821.597 GC heap after
{Heap after GC invocations=75 (full 3):
 PSYoungGen      total 17920K, used 128K [0x00000000d5580000, 0x00000000d6900000, 0x0000000100000000)
  eden space 17408K, 0% used [0x00000000d5580000,0x00000000d5580000,0x00000000d6680000)
  from space 512K, 25% used [0x00000000d6880000,0x00000000d68a0000,0x00000000d6900000)
  to   space 512K, 0% used [0x00000000d6800000,0x00000000d6800000,0x00000000d6880000)
 ParOldGen       total 68608K, used 61382K [0x0000000080000000, 0x0000000084300000, 0x00000000d5580000)
  object space 68608K, 89% used [0x0000000080000000,0x0000000083bf1868,0x0000000084300000)
 Metaspace       used 84282K, committed 85952K, reserved 1179648K
  class space    used 9201K, committed 9920K, reserved 1048576K
}

Dll operation events (12 events):
Event: 0.260 Loaded shared library c:\Users\swaro\.vscode\extensions\redhat.java-1.55.0-win32-x64\jre\21.0.11-win32-x86_64\bin\java.dll
Event: 0.711 Loaded shared library c:\Users\swaro\.vscode\extensions\redhat.java-1.55.0-win32-x64\jre\21.0.11-win32-x86_64\bin\zip.dll
Event: 0.789 Loaded shared library C:\Users\swaro\.vscode\extensions\redhat.java-1.55.0-win32-x64\jre\21.0.11-win32-x86_64\bin\instrument.dll
Event: 1.055 Loaded shared library C:\Users\swaro\.vscode\extensions\redhat.java-1.55.0-win32-x64\jre\21.0.11-win32-x86_64\bin\net.dll
Event: 1.226 Loaded shared library C:\Users\swaro\.vscode\extensions\redhat.java-1.55.0-win32-x64\jre\21.0.11-win32-x86_64\bin\nio.dll
Event: 1.233 Loaded shared library C:\Users\swaro\.vscode\extensions\redhat.java-1.55.0-win32-x64\jre\21.0.11-win32-x86_64\bin\zip.dll
Event: 1.268 Loaded shared library C:\Users\swaro\.vscode\extensions\redhat.java-1.55.0-win32-x64\jre\21.0.11-win32-x86_64\bin\jimage.dll
Event: 1.744 Loaded shared library c:\Users\swaro\.vscode\extensions\redhat.java-1.55.0-win32-x64\jre\21.0.11-win32-x86_64\bin\verify.dll
Event: 5.541 Loaded shared library C:\Users\swaro\AppData\Roaming\Code\User\globalStorage\redhat.java\1.55.0\config_win\org.eclipse.equinox.launcher\org.eclipse.equinox.launcher.win32.win32.x86_64_1.3.100.v20260613-0559\eclipse_11924.dll
Event: 12.121 Loaded shared library C:\Users\swaro\AppData\Local\Temp\jna-109846906\jna5720143297674069244.dll
Event: 23.250 Loaded shared library C:\Users\swaro\.vscode\extensions\redhat.java-1.55.0-win32-x64\jre\21.0.11-win32-x86_64\bin\sunmscapi.dll
Event: 25.750 Loaded shared library C:\Users\swaro\.vscode\extensions\redhat.java-1.55.0-win32-x64\jre\21.0.11-win32-x86_64\bin\extnet.dll

Deoptimization events (20 events):
Event: 879.903 Thread 0x0000029eff045fa0 DEOPT PACKING pc=0x0000029ef56e067c sp=0x000000e291dfe410
Event: 879.903 Thread 0x0000029eff045fa0 DEOPT UNPACKING pc=0x0000029ef4633aa2 sp=0x000000e291dfe380 mode 2
Event: 879.903 Thread 0x0000029eff045fa0 Uncommon trap: trap_request=0xffffffc6 fr.pc=0x0000029ef56e067c relative=0x0000000000000d3c
Event: 879.903 Thread 0x0000029eff045fa0 Uncommon trap: reason=bimorphic_or_optimized_type_check action=maybe_recompile pc=0x0000029ef56e067c method=org.eclipse.jdt.internal.compiler.parser.Parser.consumeRule(I)V @ 6070 c2
Event: 879.903 Thread 0x0000029eff045fa0 DEOPT PACKING pc=0x0000029ef56e067c sp=0x000000e291dfe410
Event: 879.903 Thread 0x0000029eff045fa0 DEOPT UNPACKING pc=0x0000029ef4633aa2 sp=0x000000e291dfe380 mode 2
Event: 879.903 Thread 0x0000029eff045fa0 Uncommon trap: trap_request=0xffffffc6 fr.pc=0x0000029ef56e020c relative=0x00000000000008cc
Event: 879.903 Thread 0x0000029eff045fa0 Uncommon trap: reason=bimorphic_or_optimized_type_check action=maybe_recompile pc=0x0000029ef56e020c method=org.eclipse.jdt.internal.compiler.parser.Parser.consumeRule(I)V @ 6105 c2
Event: 879.903 Thread 0x0000029eff045fa0 DEOPT PACKING pc=0x0000029ef56e020c sp=0x000000e291dfe410
Event: 879.903 Thread 0x0000029eff045fa0 DEOPT UNPACKING pc=0x0000029ef4633aa2 sp=0x000000e291dfe380 mode 2
Event: 879.904 Thread 0x0000029eff045fa0 Uncommon trap: trap_request=0xffffffc6 fr.pc=0x0000029ef56e020c relative=0x00000000000008cc
Event: 879.904 Thread 0x0000029eff045fa0 Uncommon trap: reason=bimorphic_or_optimized_type_check action=maybe_recompile pc=0x0000029ef56e020c method=org.eclipse.jdt.internal.compiler.parser.Parser.consumeRule(I)V @ 6105 c2
Event: 879.904 Thread 0x0000029eff045fa0 DEOPT PACKING pc=0x0000029ef56e020c sp=0x000000e291dfe410
Event: 879.904 Thread 0x0000029eff045fa0 DEOPT UNPACKING pc=0x0000029ef4633aa2 sp=0x000000e291dfe380 mode 2
Event: 879.915 Thread 0x0000029eff048d90 DEOPT PACKING pc=0x0000029eee89391c sp=0x000000e291ffe6e0
Event: 879.915 Thread 0x0000029eff048d90 DEOPT UNPACKING pc=0x0000029ef4634242 sp=0x000000e291ffdc90 mode 0
Event: 880.196 Thread 0x0000029eff048d90 DEOPT PACKING pc=0x0000029eee89391c sp=0x000000e291ffe6e0
Event: 880.196 Thread 0x0000029eff048d90 DEOPT UNPACKING pc=0x0000029ef4634242 sp=0x000000e291ffdc90 mode 0
Event: 880.288 Thread 0x0000029eff048d90 DEOPT PACKING pc=0x0000029eee1f99f6 sp=0x000000e291ffe8d0
Event: 880.288 Thread 0x0000029eff048d90 DEOPT UNPACKING pc=0x0000029ef4634242 sp=0x000000e291ffde70 mode 0

Classes loaded (20 events):
Event: 494.781 Loading class java/util/function/IntBinaryOperator
Event: 494.782 Loading class java/util/function/IntBinaryOperator done
Event: 494.783 Loading class java/util/stream/ReduceOps$6
Event: 494.783 Loading class java/util/stream/ReduceOps$6 done
Event: 494.784 Loading class java/util/stream/ReduceOps$5ReducingSink
Event: 494.784 Loading class java/util/stream/ReduceOps$5ReducingSink done
Event: 494.789 Loading class java/util/concurrent/CompletableFuture$AsyncSupply
Event: 494.790 Loading class java/util/concurrent/CompletableFuture$AsyncSupply done
Event: 501.410 Loading class java/util/EmptyStackException
Event: 501.410 Loading class java/util/EmptyStackException done
Event: 530.238 Loading class java/util/concurrent/CompletableFuture$AsyncRun
Event: 530.239 Loading class java/util/concurrent/CompletableFuture$AsyncRun done
Event: 583.899 Loading class java/lang/StringLatin1$CharsSpliterator
Event: 583.899 Loading class java/lang/StringLatin1$CharsSpliterator done
Event: 622.177 Loading class java/lang/ProcessHandleImpl$ExitCompletion
Event: 622.177 Loading class java/lang/ProcessHandleImpl$ExitCompletion done
Event: 622.177 Loading class java/lang/ProcessHandleImpl$1
Event: 622.178 Loading class java/lang/ProcessHandleImpl$1 done
Event: 622.179 Loading class java/util/concurrent/CompletableFuture$UniHandle
Event: 622.179 Loading class java/util/concurrent/CompletableFuture$UniHandle done

Classes unloaded (8 events):
Event: 15.486 Thread 0x0000029ee867cca0 Unloading class 0x0000029e851a9400 'java/lang/invoke/LambdaForm$MH+0x0000029e851a9400'
Event: 15.486 Thread 0x0000029ee867cca0 Unloading class 0x0000029e851a9000 'java/lang/invoke/LambdaForm$MH+0x0000029e851a9000'
Event: 15.486 Thread 0x0000029ee867cca0 Unloading class 0x0000029e851a8c00 'java/lang/invoke/LambdaForm$MH+0x0000029e851a8c00'
Event: 15.486 Thread 0x0000029ee867cca0 Unloading class 0x0000029e851a8800 'java/lang/invoke/LambdaForm$MH+0x0000029e851a8800'
Event: 15.486 Thread 0x0000029ee867cca0 Unloading class 0x0000029e851a8400 'java/lang/invoke/LambdaForm$BMH+0x0000029e851a8400'
Event: 15.486 Thread 0x0000029ee867cca0 Unloading class 0x0000029e851a8000 'java/lang/invoke/LambdaForm$DMH+0x0000029e851a8000'
Event: 15.486 Thread 0x0000029ee867cca0 Unloading class 0x0000029e851a6c00 'java/lang/invoke/LambdaForm$DMH+0x0000029e851a6c00'
Event: 22.403 Thread 0x0000029ee867cca0 Unloading class 0x0000029e852e0800 'java/lang/invoke/LambdaForm$MH+0x0000029e852e0800'

Classes redefined (0 events):
No events

Internal exceptions (20 events):
Event: 609.164 Thread 0x0000029eff0431b0 Exception <a 'sun/nio/fs/WindowsException'{0x00000000d6358a50}> (0x00000000d6358a50) 
thrown [s\src\hotspot\share\prims\jni.cpp, line 520]
Event: 609.164 Thread 0x0000029eff0431b0 Exception <a 'sun/nio/fs/WindowsException'{0x00000000d6359090}> (0x00000000d6359090) 
thrown [s\src\hotspot\share\prims\jni.cpp, line 520]
Event: 620.004 Thread 0x0000029eff0431b0 Exception <a 'sun/nio/fs/WindowsException'{0x00000000d5936be8}> (0x00000000d5936be8) 
thrown [s\src\hotspot\share\prims\jni.cpp, line 520]
Event: 620.004 Thread 0x0000029eff0431b0 Exception <a 'sun/nio/fs/WindowsException'{0x00000000d5937228}> (0x00000000d5937228) 
thrown [s\src\hotspot\share\prims\jni.cpp, line 520]
Event: 620.005 Thread 0x0000029eff0431b0 Exception <a 'sun/nio/fs/WindowsException'{0x00000000d5937f80}> (0x00000000d5937f80) 
thrown [s\src\hotspot\share\prims\jni.cpp, line 520]
Event: 620.005 Thread 0x0000029eff0431b0 Exception <a 'sun/nio/fs/WindowsException'{0x00000000d5938870}> (0x00000000d5938870) 
thrown [s\src\hotspot\share\prims\jni.cpp, line 520]
Event: 620.006 Thread 0x0000029eff0431b0 Exception <a 'sun/nio/fs/WindowsException'{0x00000000d5939f00}> (0x00000000d5939f00) 
thrown [s\src\hotspot\share\prims\jni.cpp, line 520]
Event: 620.006 Thread 0x0000029eff0431b0 Exception <a 'sun/nio/fs/WindowsException'{0x00000000d593a540}> (0x00000000d593a540) 
thrown [s\src\hotspot\share\prims\jni.cpp, line 520]
Event: 620.007 Thread 0x0000029eff0431b0 Exception <a 'sun/nio/fs/WindowsException'{0x00000000d593b270}> (0x00000000d593b270) 
thrown [s\src\hotspot\share\prims\jni.cpp, line 520]
Event: 620.007 Thread 0x0000029eff0431b0 Exception <a 'sun/nio/fs/WindowsException'{0x00000000d593b8b0}> (0x00000000d593b8b0) 
thrown [s\src\hotspot\share\prims\jni.cpp, line 520]
Event: 632.336 Thread 0x0000029eff0431b0 Exception <a 'sun/nio/fs/WindowsException'{0x00000000d5bb8268}> (0x00000000d5bb8268) 
thrown [s\src\hotspot\share\prims\jni.cpp, line 520]
Event: 632.337 Thread 0x0000029eff0431b0 Exception <a 'sun/nio/fs/WindowsException'{0x00000000d5bb88a8}> (0x00000000d5bb88a8) 
thrown [s\src\hotspot\share\prims\jni.cpp, line 520]
Event: 632.338 Thread 0x0000029eff0431b0 Exception <a 'sun/nio/fs/WindowsException'{0x00000000d5bb9600}> (0x00000000d5bb9600) 
thrown [s\src\hotspot\share\prims\jni.cpp, line 520]
Event: 632.339 Thread 0x0000029eff0431b0 Exception <a 'sun/nio/fs/WindowsException'{0x00000000d5bb9ef0}> (0x00000000d5bb9ef0) 
thrown [s\src\hotspot\share\prims\jni.cpp, line 520]
Event: 632.341 Thread 0x0000029eff0431b0 Exception <a 'sun/nio/fs/WindowsException'{0x00000000d5bbb580}> (0x00000000d5bbb580) 
thrown [s\src\hotspot\share\prims\jni.cpp, line 520]
Event: 632.341 Thread 0x0000029eff0431b0 Exception <a 'sun/nio/fs/WindowsException'{0x00000000d5bbbbc0}> (0x00000000d5bbbbc0) 
thrown [s\src\hotspot\share\prims\jni.cpp, line 520]
Event: 632.342 Thread 0x0000029eff0431b0 Exception <a 'sun/nio/fs/WindowsException'{0x00000000d5bbc8f0}> (0x00000000d5bbc8f0) 
thrown [s\src\hotspot\share\prims\jni.cpp, line 520]
Event: 632.342 Thread 0x0000029eff0431b0 Exception <a 'sun/nio/fs/WindowsException'{0x00000000d5bbcf30}> (0x00000000d5bbcf30) 
thrown [s\src\hotspot\share\prims\jni.cpp, line 520]
Event: 699.816 Thread 0x0000029ec9c12200 Exception <a 'java/lang/InterruptedException'{0x00000000d571aa40}> (0x00000000d571aa40) 
thrown [s\src\hotspot\share\runtime\objectMonitor.cpp, line 1445]
Event: 703.075 Thread 0x0000029eff0431b0 Implicit null exception at 0x0000029ef5322bc3 to 0x0000029ef5323080

ZGC Phase Switch (0 events):
No events

VM Operations (20 events):
Event: 739.255 Executing safepoint VM operation: Cleanup
Event: 739.255 Executing safepoint VM operation: Cleanup done
Event: 740.271 Executing safepoint VM operation: Cleanup
Event: 740.271 Executing safepoint VM operation: Cleanup done
Event: 742.283 Executing safepoint VM operation: Cleanup
Event: 742.283 Executing safepoint VM operation: Cleanup done
Event: 782.417 Executing non-safepoint VM operation: HandshakeAllThreads (HandshakeForDeflation)
Event: 782.417 Executing non-safepoint VM operation: HandshakeAllThreads (HandshakeForDeflation) done
Event: 782.417 Executing non-safepoint VM operation: RendezvousGCThreads
Event: 782.417 Executing non-safepoint VM operation: RendezvousGCThreads done
Event: 821.596 Executing safepoint VM operation: ParallelGCFailedAllocation (Allocation Failure)
Event: 821.597 Executing safepoint VM operation: ParallelGCFailedAllocation (Allocation Failure) done
Event: 879.907 Executing safepoint VM operation: Cleanup
Event: 879.907 Executing safepoint VM operation: Cleanup done
Event: 880.910 Executing safepoint VM operation: Cleanup
Event: 880.910 Executing safepoint VM operation: Cleanup done
Event: 902.613 Executing non-safepoint VM operation: HandshakeAllThreads (HandshakeForDeflation)
Event: 902.613 Executing non-safepoint VM operation: HandshakeAllThreads (HandshakeForDeflation) done
Event: 902.613 Executing non-safepoint VM operation: RendezvousGCThreads
Event: 902.613 Executing non-safepoint VM operation: RendezvousGCThreads done

Memory protections (0 events):
No events

Nmethod flushes (20 events):
Event: 35.697 Thread 0x0000029ee867cca0 flushing  nmethod 0x0000029eed9c3210
Event: 35.697 Thread 0x0000029ee867cca0 flushing  nmethod 0x0000029eed9c3590
Event: 35.697 Thread 0x0000029ee867cca0 flushing  nmethod 0x0000029eed9c3910
Event: 35.697 Thread 0x0000029ee867cca0 flushing  nmethod 0x0000029eed9c3d10
Event: 35.697 Thread 0x0000029ee867cca0 flushing  nmethod 0x0000029eed9c6c90
Event: 35.697 Thread 0x0000029ee867cca0 flushing  nmethod 0x0000029eed9c9f90
Event: 35.697 Thread 0x0000029ee867cca0 flushing  nmethod 0x0000029eed9cb090
Event: 35.697 Thread 0x0000029ee867cca0 flushing  nmethod 0x0000029eed9d5f90
Event: 35.697 Thread 0x0000029ee867cca0 flushing  nmethod 0x0000029eed9de090
Event: 35.697 Thread 0x0000029ee867cca0 flushing  nmethod 0x0000029eed9e6810
Event: 35.697 Thread 0x0000029ee867cca0 flushing  nmethod 0x0000029eeda20e10
Event: 35.697 Thread 0x0000029ee867cca0 flushing  nmethod 0x0000029eeda24610
Event: 35.697 Thread 0x0000029ee867cca0 flushing  nmethod 0x0000029eeda38b90
Event: 35.697 Thread 0x0000029ee867cca0 flushing  nmethod 0x0000029eeda3a410
Event: 35.697 Thread 0x0000029ee867cca0 flushing  nmethod 0x0000029eeda3aa10
Event: 35.697 Thread 0x0000029ee867cca0 flushing  nmethod 0x0000029eeda3b990
Event: 35.697 Thread 0x0000029ee867cca0 flushing  nmethod 0x0000029eeda3bd10
Event: 35.697 Thread 0x0000029ee867cca0 flushing  nmethod 0x0000029eeda3e390
Event: 35.697 Thread 0x0000029ee867cca0 flushing  nmethod 0x0000029eeda3ff90
Event: 35.697 Thread 0x0000029ee867cca0 flushing  nmethod 0x0000029eeda47e10

Events (20 events):
Event: 634.729 Thread 0x0000029ec9c12f20 Thread added: 0x0000029ec9c0e060
Event: 634.731 Thread 0x0000029ec9c12f20 Thread exited: 0x0000029ec9c12f20
Event: 634.736 Thread 0x0000029ec9c0e060 Thread exited: 0x0000029ec9c0e060
Event: 635.858 Thread 0x0000029ec9c0ed80 Thread added: 0x0000029ec9c0e060
Event: 640.639 Thread 0x0000029ec9c10e50 Thread exited: 0x0000029ec9c10e50
Event: 682.404 Thread 0x0000029ec9c0faa0 Thread exited: 0x0000029ec9c0faa0
Event: 699.816 Thread 0x0000029ec9c13c40 Thread exited: 0x0000029ec9c13c40
Event: 699.816 Thread 0x0000029ec9c12200 Thread exited: 0x0000029ec9c12200
Event: 699.817 Thread 0x0000029ec9c0e060 Thread exited: 0x0000029ec9c0e060
Event: 699.988 Thread 0x0000029ec9c0ed80 Thread exited: 0x0000029ec9c0ed80
Event: 730.003 Thread 0x0000029efe0daa50 Thread exited: 0x0000029efe0daa50
Event: 741.509 Thread 0x0000029efe0db0e0 Thread exited: 0x0000029efe0db0e0
Event: 757.100 Thread 0x0000029ec9c10130 Thread exited: 0x0000029ec9c10130
Event: 757.101 Thread 0x0000029ec9c0d9d0 Thread exited: 0x0000029ec9c0d9d0
Event: 802.026 Thread 0x0000029eff0431b0 Thread exited: 0x0000029eff0431b0
Event: 862.028 Thread 0x0000029eff044bf0 Thread exited: 0x0000029eff044bf0
Event: 879.909 Thread 0x0000029eff045fa0 Thread added: 0x0000029ec9c0ed80
Event: 879.911 Thread 0x0000029eff045fa0 Thread added: 0x0000029ec9c0faa0
Event: 879.930 Thread 0x0000029efcf4d4e0 Thread added: 0x0000029eca511a60
Event: 885.421 Thread 0x0000029eca511a60 Thread exited: 0x0000029eca511a60


Dynamic libraries:
0x00007ff793400000 - 0x00007ff79340e000 	c:\Users\swaro\.vscode\extensions\redhat.java-1.55.0-win32-x64\jre\21.0.11-win32-x86_64\bin\java.exe
0x00007ffca4b00000 - 0x00007ffca4d66000 	C:\WINDOWS\SYSTEM32\ntdll.dll
0x00007ffca2f60000 - 0x00007ffca3029000 	C:\WINDOWS\System32\KERNEL32.DLL
0x00007ffca2070000 - 0x00007ffca246f000 	C:\WINDOWS\System32\KERNELBASE.dll
0x00007ffca2480000 - 0x00007ffca25cc000 	C:\WINDOWS\System32\ucrtbase.dll
0x00007ffc8dd90000 - 0x00007ffc8dda8000 	c:\Users\swaro\.vscode\extensions\redhat.java-1.55.0-win32-x64\jre\21.0.11-win32-x86_64\bin\jli.dll
0x00007ffca4220000 - 0x00007ffca43e6000 	C:\WINDOWS\System32\USER32.dll
0x00007ffca1e50000 - 0x00007ffca1e77000 	C:\WINDOWS\System32\win32u.dll
0x00007ffca3290000 - 0x00007ffca32bb000 	C:\WINDOWS\System32\GDI32.dll
0x00007ffca1e80000 - 0x00007ffca1fa9000 	C:\WINDOWS\System32\gdi32full.dll
0x00007ffca1d10000 - 0x00007ffca1db3000 	C:\WINDOWS\System32\msvcp_win.dll
0x00007ffc898c0000 - 0x00007ffc898de000 	c:\Users\swaro\.vscode\extensions\redhat.java-1.55.0-win32-x64\jre\21.0.11-win32-x86_64\bin\VCRUNTIME140.dll
0x00007ffc8fa20000 - 0x00007ffc8fcb1000 	C:\WINDOWS\WinSxS\amd64_microsoft.windows.common-controls_6595b64144ccf1df_6.0.26100.8972_none_3e0da176e32f9d4b\COMCTL32.dll
0x00007ffca28f0000 - 0x00007ffca2999000 	C:\WINDOWS\System32\msvcrt.dll
0x00007ffca3150000 - 0x00007ffca3182000 	C:\WINDOWS\System32\IMM32.DLL
0x00007ffc769b0000 - 0x00007ffc769bc000 	c:\Users\swaro\.vscode\extensions\redhat.java-1.55.0-win32-x64\jre\21.0.11-win32-x86_64\bin\vcruntime140_1.dll
0x00007ffbfe720000 - 0x00007ffbfe7ad000 	c:\Users\swaro\.vscode\extensions\redhat.java-1.55.0-win32-x64\jre\21.0.11-win32-x86_64\bin\msvcp140.dll
0x00007ffbfd970000 - 0x00007ffbfe712000 	c:\Users\swaro\.vscode\extensions\redhat.java-1.55.0-win32-x64\jre\21.0.11-win32-x86_64\bin\server\jvm.dll
0x00007ffca44a0000 - 0x00007ffca455c000 	C:\WINDOWS\System32\ADVAPI32.dll
0x00007ffca2e10000 - 0x00007ffca2eba000 	C:\WINDOWS\System32\sechost.dll
0x00007ffca4900000 - 0x00007ffca4a18000 	C:\WINDOWS\System32\RPCRT4.dll
0x00007ffca2a30000 - 0x00007ffca2ab2000 	C:\WINDOWS\System32\WS2_32.dll
0x00007ffca1b70000 - 0x00007ffca1bce000 	C:\WINDOWS\SYSTEM32\POWRPROF.dll
0x00007ffc995f0000 - 0x00007ffc99626000 	C:\WINDOWS\SYSTEM32\WINMM.dll
0x00007ffc9af50000 - 0x00007ffc9af5b000 	C:\WINDOWS\SYSTEM32\VERSION.dll
0x00007ffca1b50000 - 0x00007ffca1b65000 	C:\WINDOWS\SYSTEM32\UMPDC.dll
0x00007ffca0a00000 - 0x00007ffca0a1b000 	C:\WINDOWS\SYSTEM32\kernel.appcore.dll
0x00007ffc73040000 - 0x00007ffc7304a000 	c:\Users\swaro\.vscode\extensions\redhat.java-1.55.0-win32-x64\jre\21.0.11-win32-x86_64\bin\jimage.dll
0x00007ffc8ed50000 - 0x00007ffc8ef92000 	C:\WINDOWS\SYSTEM32\DBGHELP.DLL
0x00007ffca4570000 - 0x00007ffca48f5000 	C:\WINDOWS\System32\combase.dll
0x00007ffca3380000 - 0x00007ffca3459000 	C:\WINDOWS\System32\OLEAUT32.dll
0x00007ffc8c4f0000 - 0x00007ffc8c52b000 	C:\WINDOWS\SYSTEM32\dbgcore.DLL
0x00007ffca25e0000 - 0x00007ffca268c000 	C:\WINDOWS\System32\bcryptPrimitives.dll
0x00007ffc501e0000 - 0x00007ffc501ef000 	c:\Users\swaro\.vscode\extensions\redhat.java-1.55.0-win32-x64\jre\21.0.11-win32-x86_64\bin\instrument.dll
0x00007ffc3a850000 - 0x00007ffc3a870000 	c:\Users\swaro\.vscode\extensions\redhat.java-1.55.0-win32-x64\jre\21.0.11-win32-x86_64\bin\java.dll
0x00007ffca3460000 - 0x00007ffca3be8000 	C:\WINDOWS\System32\SHELL32.dll
0x00007ffc9f800000 - 0x00007ffca009b000 	C:\WINDOWS\SYSTEM32\windows.storage.dll
0x00007ffca3190000 - 0x00007ffca3289000 	C:\WINDOWS\System32\SHCORE.dll
0x00007ffca2830000 - 0x00007ffca2896000 	C:\WINDOWS\System32\shlwapi.dll
0x00007ffca1c30000 - 0x00007ffca1c59000 	C:\WINDOWS\SYSTEM32\profapi.dll
0x00007ffc37220000 - 0x00007ffc37238000 	c:\Users\swaro\.vscode\extensions\redhat.java-1.55.0-win32-x64\jre\21.0.11-win32-x86_64\bin\zip.dll
0x00007ffc501d0000 - 0x00007ffc501e0000 	C:\Users\swaro\.vscode\extensions\redhat.java-1.55.0-win32-x64\jre\21.0.11-win32-x86_64\bin\net.dll
0x00007ffc99790000 - 0x00007ffc998b8000 	C:\WINDOWS\SYSTEM32\WINHTTP.dll
0x00007ffca0fb0000 - 0x00007ffca101c000 	C:\WINDOWS\system32\mswsock.dll
0x00007ffc35f80000 - 0x00007ffc35f96000 	C:\Users\swaro\.vscode\extensions\redhat.java-1.55.0-win32-x64\jre\21.0.11-win32-x86_64\bin\nio.dll
0x00007ffc93220000 - 0x00007ffc93230000 	c:\Users\swaro\.vscode\extensions\redhat.java-1.55.0-win32-x64\jre\21.0.11-win32-x86_64\bin\verify.dll
0x00007ffbfd5c0000 - 0x00007ffbfd605000 	C:\Users\swaro\AppData\Roaming\Code\User\globalStorage\redhat.java\1.55.0\config_win\org.eclipse.equinox.launcher\org.eclipse.equinox.launcher.win32.win32.x86_64_1.3.100.v20260613-0559\eclipse_11924.dll
0x00007ffca3bf0000 - 0x00007ffca3d89000 	C:\WINDOWS\System32\ole32.dll
0x00007ffca12a0000 - 0x00007ffca12bb000 	C:\WINDOWS\SYSTEM32\CRYPTSP.dll
0x00007ffca0960000 - 0x00007ffca0999000 	C:\WINDOWS\system32\rsaenh.dll
0x00007ffca1060000 - 0x00007ffca1092000 	C:\WINDOWS\SYSTEM32\USERENV.dll
0x00007ffca1c00000 - 0x00007ffca1c2a000 	C:\WINDOWS\SYSTEM32\bcrypt.dll
0x00007ffca12c0000 - 0x00007ffca12cc000 	C:\WINDOWS\SYSTEM32\CRYPTBASE.dll
0x00007ffca03d0000 - 0x00007ffca0403000 	C:\WINDOWS\SYSTEM32\IPHLPAPI.DLL
0x00007ffca2ec0000 - 0x00007ffca2eca000 	C:\WINDOWS\System32\NSI.dll
0x00007ffbfd520000 - 0x00007ffbfd569000 	C:\Users\swaro\AppData\Local\Temp\jna-109846906\jna5720143297674069244.dll
0x00007ffca3040000 - 0x00007ffca3048000 	C:\WINDOWS\System32\PSAPI.DLL
0x00007ffc999b0000 - 0x00007ffc999cd000 	C:\WINDOWS\SYSTEM32\dhcpcsvc6.DLL
0x00007ffc99760000 - 0x00007ffc99785000 	C:\WINDOWS\SYSTEM32\dhcpcsvc.DLL
0x00007ffc4fe10000 - 0x00007ffc4fe1e000 	C:\Users\swaro\.vscode\extensions\redhat.java-1.55.0-win32-x64\jre\21.0.11-win32-x86_64\bin\sunmscapi.dll
0x00007ffca26a0000 - 0x00007ffca281e000 	C:\WINDOWS\System32\CRYPT32.dll
0x00007ffca14e0000 - 0x00007ffca1510000 	C:\WINDOWS\SYSTEM32\ncrypt.dll
0x00007ffca1490000 - 0x00007ffca14cf000 	C:\WINDOWS\SYSTEM32\NTASN1.dll
0x00007ffca0460000 - 0x00007ffca05b8000 	C:\WINDOWS\SYSTEM32\DNSAPI.dll
0x00007ffca0db0000 - 0x00007ffca0dbd000 	C:\WINDOWS\SYSTEM32\DSPARSE.dll
0x00007ffc95380000 - 0x00007ffc9538b000 	C:\Windows\System32\rasadhlp.dll
0x00007ffc992f0000 - 0x00007ffc99376000 	C:\WINDOWS\System32\fwpuclnt.dll
0x00007ffc4fad0000 - 0x00007ffc4fad9000 	C:\Users\swaro\.vscode\extensions\redhat.java-1.55.0-win32-x64\jre\21.0.11-win32-x86_64\bin\extnet.dll

JVMTI agents:
c:\Users\swaro\.vscode\extensions\redhat.java-1.55.0-win32-x64\lombok\lombok-1.18.39-4050.jar path:c:\Users\swaro\.vscode\extensions\redhat.java-1.55.0-win32-x64\jre\21.0.11-win32-x86_64\bin\instrument.dll, loaded, initialized, instrumentlib options:none

dbghelp: loaded successfully - version: 4.0.5 - missing functions: none
symbol engine: initialized successfully - sym options: 0x614 - pdb path: .;c:\Users\swaro\.vscode\extensions\redhat.java-1.55.0-win32-x64\jre\21.0.11-win32-x86_64\bin;C:\WINDOWS\SYSTEM32;C:\WINDOWS\WinSxS\amd64_microsoft.windows.common-controls_6595b64144ccf1df_6.0.26100.8972_none_3e0da176e32f9d4b;c:\Users\swaro\.vscode\extensions\redhat.java-1.55.0-win32-x64\jre\21.0.11-win32-x86_64\bin\server;C:\Users\swaro\AppData\Roaming\Code\User\globalStorage\redhat.java\1.55.0\config_win\org.eclipse.equinox.launcher\org.eclipse.equinox.launcher.win32.win32.x86_64_1.3.100.v20260613-0559;C:\Users\swaro\AppData\Local\Temp\jna-109846906

VM Arguments:
jvm_args: --add-modules=ALL-SYSTEM --add-opens=java.base/java.util=ALL-UNNAMED --add-opens=java.base/java.lang=ALL-UNNAMED --add-opens=java.base/sun.nio.fs=ALL-UNNAMED -Declipse.application=org.eclipse.jdt.ls.core.id1 -Dosgi.bundles.defaultStartLevel=4 -Declipse.product=org.eclipse.jdt.ls.core.product -Djava.import.generatesMetadataFilesAtProjectRoot=false -DDetectVMInstallationsJob.disabled=true -Dfile.encoding=utf8 -XX:+UseParallelGC -XX:GCTimeRatio=4 -XX:AdaptiveSizePolicyWeight=90 -Dsun.zip.disableMemoryMapping=true -Xmx2G -Xms100m -Xlog:disable -javaagent:c:\Users\swaro\.vscode\extensions\redhat.java-1.55.0-win32-x64\lombok\lombok-1.18.39-4050.jar -XX:+HeapDumpOnOutOfMemoryError -XX:HeapDumpPath=c:\Users\swaro\AppData\Roaming\Code\User\workspaceStorage\cb4ea4c5b3c4dd37fcce1bb2e66277d2\redhat.java -Daether.dependencyCollector.impl=bf 
java_command: c:\Users\swaro\.vscode\extensions\redhat.java-1.55.0-win32-x64\server\plugins\org.eclipse.equinox.launcher_1.7.200.v20260619-2039.jar -configuration c:\Users\swaro\AppData\Roaming\Code\User\globalStorage\redhat.java\1.55.0\config_win -data c:\Users\swaro\AppData\Roaming\Code\User\workspaceStorage\cb4ea4c5b3c4dd37fcce1bb2e66277d2\redhat.java\jdt_ws --pipe=\\.\pipe\lsp-0540532b1e1cf5b41b13de38ad5b7d56-sock
java_class_path (initial): c:\Users\swaro\.vscode\extensions\redhat.java-1.55.0-win32-x64\server\plugins\org.eclipse.equinox.launcher_1.7.200.v20260619-2039.jar
Launcher Type: SUN_STANDARD

[Global flags]
    uintx AdaptiveSizePolicyWeight                 = 90                                        {product} {command line}
     intx CICompilerCount                          = 3                                         {product} {ergonomic}
    uintx GCTimeRatio                              = 4                                         {product} {command line}
     bool HeapDumpOnOutOfMemoryError               = true                                   {manageable} {command line}
    ccstr HeapDumpPath                             = c:\Users\swaro\AppData\Roaming\Code\User\workspaceStorage\cb4ea4c5b3c4dd37fcce1bb2e66277d2\redhat.java         {manageable} {command line}
   size_t InitialHeapSize                          = 104857600                                 {product} {command line}
   size_t MaxHeapSize                              = 2147483648                                {product} {command line}
   size_t MaxNewSize                               = 715653120                                 {product} {ergonomic}
   size_t MinHeapDeltaBytes                        = 524288                                    {product} {ergonomic}
   size_t MinHeapSize                              = 104857600                                 {product} {command line}
   size_t NewSize                                  = 34603008                                  {product} {ergonomic}
    uintx NonNMethodCodeHeapSize                   = 5832780                                {pd product} {ergonomic}
    uintx NonProfiledCodeHeapSize                  = 122912730                              {pd product} {ergonomic}
   size_t OldSize                                  = 70254592                                  {product} {ergonomic}
    uintx ProfiledCodeHeapSize                     = 122912730                              {pd product} {ergonomic}
    uintx ReservedCodeCacheSize                    = 251658240                              {pd product} {ergonomic}
     bool SegmentedCodeCache                       = true                                      {product} {ergonomic}
   size_t SoftMaxHeapSize                          = 2147483648                             {manageable} {ergonomic}
     bool UseCompressedOops                        = true                           {product lp64_product} {ergonomic}
     bool UseLargePagesIndividualAllocation        = false                                  {pd product} {ergonomic}
     bool UseParallelGC                            = true                                      {product} {command line}

Logging:
Log output configuration:
 #0: stdout all=off uptime,level,tags foldmultilines=false
 #1: stderr all=off uptime,level,tags foldmultilines=false

Release file:
JAVA_VERSION="21.0.11" 
MODULES="java.base java.compiler java.datatransfer java.xml java.prefs java.desktop java.instrument java.logging java.management java.security.sasl java.naming java.rmi java.management.rmi java.net.http java.scripting java.security.jgss java.transaction.xa java.sql java.sql.rowset java.xml.crypto java.se java.smartcardio jdk.accessibility jdk.internal.jvmstat jdk.attach jdk.charsets jdk.internal.opt jdk.zipfs jdk.compiler jdk.crypto.ec jdk.crypto.cryptoki jdk.crypto.mscapi jdk.dynalink jdk.internal.ed jdk.editpad jdk.hotspot.agent jdk.httpserver jdk.internal.le jdk.internal.vm.ci jdk.internal.vm.compiler jdk.internal.vm.compiler.management jdk.jartool jdk.javadoc jdk.jcmd jdk.management jdk.management.agent jdk.jconsole jdk.jdeps jdk.jdwp.agent jdk.jdi jdk.jfr jdk.jshell jdk.jsobject jdk.jstatd jdk.localedata jdk.management.jfr jdk.naming.dns jdk.naming.rmi jdk.net jdk.nio.mapmode jdk.random jdk.sctp jdk.security.auth jdk.security.jgss jdk.unsupported jdk.unsupported.desktop jdk.xml.dom" 

Environment Variables:
PATH=C:\Program Files\Common Files\Oracle\Java\javapath;C:\WINDOWS\system32;C:\WINDOWS;C:\WINDOWS\System32\Wbem;C:\WINDOWS\System32\WindowsPowerShell\v1.0\;C:\WINDOWS\System32\OpenSSH\;C:\Users\swaro\AppData\Local\Microsoft\WindowsApps;C:\Users\swaro\AppData\Local\Programs\Microsoft VS Code\bin
USERNAME=swaro
OS=Windows_NT
PROCESSOR_IDENTIFIER=AMD64 Family 23 Model 24 Stepping 1, AuthenticAMD
TMP=C:\Users\swaro\AppData\Local\Temp
TEMP=C:\Users\swaro\AppData\Local\Temp




Periodic native trim disabled

---------------  S Y S T E M  ---------------

OS:
 Windows 11 , 64 bit Build 26100 (10.0.26100.9168)
OS uptime: 0 days 0:19 hours

CPU: total 4 (initial active 4) (4 cores per cpu, 2 threads per core) family 23 model 24 stepping 1 microcode 0x8108109, cx8, cmov, fxsr, ht, mmx, 3dnowpref, sse, sse2, sse3, ssse3, sse4a, sse4.1, sse4.2, popcnt, lzcnt, tsc, tscinvbit, avx, avx2, aes, clmul, bmi1, bmi2, adx, sha, fma, vzeroupper, clflush, clflushopt, rdtscp, f16c
Processor Information for the first 4 processors :
  Max Mhz: 2400, Current Mhz: 2400, Mhz Limit: 2400

Memory: 4k page, system-wide physical 10167M (3026M free)
TotalPageFile size 10167M (AvailPageFile size 3M)
current process WorkingSet (physical memory assigned to process): 342M, peak: 354M
current process commit charge ("private bytes"): 405M, peak: 422M

vm_info: OpenJDK 64-Bit Server VM (21.0.11+10-LTS) for windows-amd64 JRE (21.0.11+10-LTS), built on 2026-04-21T00:00:00Z by "admin" with MS VC++ 17.12 (VS2022)

END.
